---
source: tests/cli.rs
info:
  program: pace
  args:
    - "--config"
    - tests/fixtures/configs/pace.toml
    - "--activity-log-file"
    - "./tests/fixtures/activity_tracker/activities.pace.toml"
    - reflect
---
success: true
exit_code: 0
----- stdout -----
No activities found for the specified time frame

----- stderr -----
